// Jest Snapshot v1, https://goo.gl/fbAQLP

exports[`__interactive 1`] = `
<DocumentFragment>
  <div
    class="title"
  >
    About
  </div>
</DocumentFragment>
`;
