// Jest Snapshot v1, https://goo.gl/fbAQLP

exports[`__interactive 1`] = `
<DocumentFragment>
  <div
    class="tag"
  >
    <div
      class="text"
    >
      Node.js
    </div>
    <div
      class="base"
    />
  </div>
</DocumentFragment>
`;
