// Jest Snapshot v1, https://goo.gl/fbAQLP

exports[`__interactive 1`] = `
<DocumentFragment>
  <button
    class="button"
    type="button"
  >
    Close
  </button>
</DocumentFragment>
`;
