// Jest Snapshot v1, https://goo.gl/fbAQLP

exports[`__interactive 1`] = `
<DocumentFragment>
  <div
    class="dots"
  >
    <div
      class="dot"
    />
    <div
      class="dot"
    />
    <div
      class="dot"
    />
  </div>
</DocumentFragment>
`;
