// Jest Snapshot v1, https://goo.gl/fbAQLP

exports[`__interactive 1`] = `
<DocumentFragment>
  <span
    class="icon"
  >
    A
  </span>
</DocumentFragment>
`;
